<?php return array (
  'foo' => 
  array (
    'chunks' => 
    array (
      0 => 
      array (
        0 => 
        array (
          0 => '1',
          1 => '',
          2 => "This is foo",
        ),
        1 => 
        array (
          0 => '',
          1 => '1',
          2 => "This is foo\n",
        ),
      ),
    ),
    'chunks_def' => 
    array (
      0 => 
      array (
        0 => 
        array (
          0 => '1',
          1 => 1,
        ),
        1 => 
        array (
          0 => '1',
          1 => 1,
        ),
      ),
    ),
  ),
);