<?php return array (
  'lineendings' => 
  array (
    'chunks' => 
    array (
      0 => 
      array (
        0 => 
        array (
          0 => '',
          1 => '1',
          2 => "Unix, again\n",
        ),
        1 => 
        array (
          0 => '1',
          1 => 2,
          2 => "Windows\r\n",
        ),
        2 => 
        array (
          0 => 2,
          1 => 3,
          2 => "Unix\n",
        ),
        3 => 
        array (
          0 => 3,
          1 => 4,
          2 => "Old Macintosh\rNothing",
        ),
      ),
    ),
    'chunks_def' => 
    array (
      0 => 
      array (
        0 => 
        array (
          0 => '1',
          1 => '3',
        ),
        1 => 
        array (
          0 => '1',
          1 => '4',
        ),
      ),
    ),
  ),
);