<?php return array (
  'b' => 
  array (
    'chunks' => 
    array (
      0 => 
      array (
        0 => 
        array (
          0 => '',
          1 => '1',
          2 => "a\n",
        ),
        1 => 
        array (
          0 => '',
          1 => 2,
          2 => "b\n",
        ),
        2 => 
        array (
          0 => '',
          1 => 3,
          2 => "\n",
        ),
      ),
    ),
    'chunks_def' => 
    array (
      0 => 
      array (
        0 => 
        array (
          0 => '0',
          1 => '0',
        ),
        1 => 
        array (
          0 => '1',
          1 => '3',
        ),
      ),
    ),
  ),
);