<?php return array (
  'b' => 
  array (
    'chunks' => 
    array (
      0 => 
      array (
        0 => 
        array (
          0 => '1',
          1 => '1',
          2 => "a\n",
        ),
        1 => 
        array (
          0 => '',
          1 => 2,
          2 => "l\n",
        ),
        2 => 
        array (
          0 => 2,
          1 => 3,
          2 => "b\n",
        ),
        3 => 
        array (
          0 => 3,
          1 => 4,
          2 => "\n",
        ),
      ),
    ),
    'chunks_def' => 
    array (
      0 => 
      array (
        0 => 
        array (
          0 => '1',
          1 => '3',
        ),
        1 => 
        array (
          0 => '1',
          1 => '4',
        ),
      ),
    ),
  ),
);